现有商品: 46 个

=== eBay Daily Deals ===
💱 汇率 USD/CNY = 6.7659
  ✅ 172675216344 $48.87 NEON Colourful 57" 2 Piece Pool Snooker Billi
  ✅ 385700773610 $41.92 UGG Slippers Water-Resistant Men Premium Aust
  ✅ 385963123229 $41.22 15%OFF UGG Slippers Australian Sheepskin Wool
  ✅ 385703401836 $52.40 Australian Sheepskin Wool Mini UGG Boots Wome
  ✅ 287006489861 $78.05 Bluetooth+FM-Lautsprecher JBL Wind 3 5 W + Ha
  eBay 无新增 (已存在或抓取失败)

=== Electronics ===
  榜单解析到 6 个商品
  ⏭ B0DCH8VDXF 已存在，跳过
  ⏭ B0GJTFXNRX 已存在，跳过
  ⏭ B0DGHMNQ5Z 已存在，跳过
  ⏭ B0FQFB8FMG 已存在，跳过
  ⏭ B09PDLBFKY 已存在，跳过
  🔍 B00NJ2M33I Sony ZX Series Wired On-Ear Headphones, Black... $13.99
    ✅ 已收录

=== Home Kitchen ===
  榜单解析到 0 个商品

=== Beauty ===
  榜单解析到 6 个商品
  ⏭ B08KT2Z93D 已存在，跳过
  ⏭ B071914GGL 已存在，跳过
  ⏭ B081KL2QYJ 已存在，跳过
  ⏭ B08H3JPH74 已存在，跳过
  ⏭ B00F1U0YB4 已存在，跳过
  ⏭ B0DPHQRLJC 已存在，跳过

=== Sports Outdoors ===
  榜单解析到 0 个商品

=== Grocery ===
  榜单解析到 6 个商品
  ⏭ B01N05APQY 已存在，跳过
  ⏭ B06X6J5266 已存在，跳过
  ⏭ B07MJL8NXR 已存在，跳过
  ⏭ B000SDKDM4 已存在，跳过
  ⏭ B003P02EGU 已存在，跳过
  ⏭ B0FL9GK819 已存在，跳过

=== Toys Games ===
  榜单解析到 0 个商品

=== Pet Supplies ===
  榜单解析到 6 个商品
  ⏭ B00MW8G62E 已存在，跳过
  ⏭ B005OB3E30 已存在，跳过
  ⏭ B07S2TDDCK 已存在，跳过
  ⏭ B07D323MFZ 已存在，跳过
  ⏭ B00BSYR7K8 已存在，跳过
  ⏭ B00NABTC8M 已存在，跳过

=== Health Personal Care ===
  榜单解析到 0 个商品

📊 本次新增 1 个商品, 总计 47 个
🚀 已推送 GitHub, Vercel 自动部署中
